app/api/_admin/roles/users/[id]/route.ts(33,15): error TS2339: Property 'adminRecord' does not exist on type 'NextResponse<{ error: any; }> | { user: User; adminRecord: any; }'.
  Property 'adminRecord' does not exist on type 'NextResponse<{ error: any; }>'.
